13:32:49 **** Incremental Build of configuration Debug for project Ex7 ****
make -j4 all 
arm-none-eabi-gcc "../Core/Src/main.c" -mcpu=cortex-m3 -std=gnu11 -g3 -DDEBUG -DUSE_HAL_DRIVER -DSTM32F103x6 -c -I../Core/Inc -I../Drivers/STM32F1xx_HAL_Driver/Inc -I../Drivers/STM32F1xx_HAL_Driver/Inc/Legacy -I../Drivers/CMSIS/Device/ST/STM32F1xx/Include -I../Drivers/CMSIS/Include -O0 -ffunction-sections -fdata-sections -Wall -fstack-usage -MMD -MP -MF"Core/Src/main.d" -MT"Core/Src/main.o" --specs=nano.specs -mfloat-abi=soft -mthumb -o "Core/Src/main.o"
arm-none-eabi-gcc -o "Ex7.elf" @"objects.list"   -mcpu=cortex-m3 -T"D:\STM32CubeIDE\workspace_1.7.0\LAB2\Ex7\STM32F103C6UX_FLASH.ld" --specs=nosys.specs -Wl,-Map="Ex7.map" -Wl,--gc-sections -static --specs=nano.specs -mfloat-abi=soft -mthumb -Wl,--start-group -lc -lm -Wl,--end-group
Finished building target: Ex7.elf
 
arm-none-eabi-size   Ex7.elf 
arm-none-eabi-objdump -h -S  Ex7.elf  > "Ex7.list"
arm-none-eabi-objcopy  -O ihex  Ex7.elf  "Ex7.hex"
arm-none-eabi-objcopy  -O binary  Ex7.elf  "Ex7.bin"
   text	   data	    bss	    dec	    hex	filename
   7820	    108	   1652	   9580	   256c	Ex7.elf
Finished building: default.size.stdout
 
Finished building: Ex7.hex
Finished building: Ex7.bin
 
Finished building: Ex7.list
 
 

13:32:51 Build Finished. 0 errors, 0 warnings. (took 2s.213ms)

