13:48:45 **** Build of configuration Debug for project Ex3 ****
make -j4 all 
arm-none-eabi-gcc "../Core/Src/main.c" -mcpu=cortex-m3 -std=gnu11 -g3 -DDEBUG -DUSE_HAL_DRIVER -DSTM32F103x6 -c -I../Core/Inc -I../Drivers/STM32F1xx_HAL_Driver/Inc -I../Drivers/STM32F1xx_HAL_Driver/Inc/Legacy -I../Drivers/CMSIS/Device/ST/STM32F1xx/Include -I../Drivers/CMSIS/Include -O0 -ffunction-sections -fdata-sections -Wall -fstack-usage -MMD -MP -MF"Core/Src/main.d" -MT"Core/Src/main.o" --specs=nano.specs -mfloat-abi=soft -mthumb -o "Core/Src/main.o"
arm-none-eabi-gcc -o "Ex3.elf" @"objects.list"   -mcpu=cortex-m3 -T"D:\STM32CubeIDE\workspace_1.7.0\LAB2\Ex3\STM32F103C6UX_FLASH.ld" --specs=nosys.specs -Wl,-Map="Ex3.map" -Wl,--gc-sections -static --specs=nano.specs -mfloat-abi=soft -mthumb -Wl,--start-group -lc -lm -Wl,--end-group
Finished building target: Ex3.elf
 
arm-none-eabi-size   Ex3.elf 
arm-none-eabi-objdump -h -S  Ex3.elf  > "Ex3.list"
   text	   data	    bss	    dec	    hex	filename
   7432	    100	   1644	   9176	   23d8	Ex3.elf
arm-none-eabi-objcopy  -O ihex  Ex3.elf  "Ex3.hex"
arm-none-eabi-objcopy  -O binary  Ex3.elf  "Ex3.bin"
Finished building: default.size.stdout
 
Finished building: Ex3.bin
Finished building: Ex3.hex
 
 
Finished building: Ex3.list
 
